\BOOKMARK [0][-]{chapter*.1}{\376\377\000A\000c\000k\000n\000o\000w\000l\000e\000d\000g\000e\000m\000e\000n\000t\000s}{}% 1
\BOOKMARK [0][-]{chapter*.2}{\376\377\000A\000b\000s\000t\000r\000a\000c\000t}{}% 2
\BOOKMARK [0][-]{chapter*.3}{\376\377\000R\000\351\000s\000u\000m\000\351}{}% 3
\BOOKMARK [0][-]{chapter*.7}{\376\377\000L\000i\000s\000t\000\040\000o\000f\000\040\000A\000c\000r\000o\000n\000y\000m\000s}{}% 4
\BOOKMARK [0][-]{chapter*.8}{\376\377\000G\000e\000n\000e\000r\000a\000l\000\040\000I\000n\000t\000r\000o\000d\000u\000c\000t\000i\000o\000n}{}% 5
\BOOKMARK [0][-]{chapter.1}{\376\377\000P\000r\000o\000j\000e\000c\000t\000\040\000C\000o\000n\000t\000e\000x\000t\000\040\000a\000n\000d\000\040\000H\000o\000s\000t\000\040\000O\000r\000g\000a\000n\000i\000z\000a\000t\000i\000o\000n}{}% 6
\BOOKMARK [1][-]{section.1.1}{\376\377\000K\000e\000y\000r\000u\000s\000\040\000G\000r\000o\000u\000p}{chapter.1}% 7
\BOOKMARK [1][-]{section.1.2}{\376\377\000K\000e\000y\000r\000u\000s\000\040\000M\000E\000A}{chapter.1}% 8
\BOOKMARK [1][-]{section.1.3}{\376\377\000I\000n\000t\000e\000r\000n\000s\000h\000i\000p\000\040\000M\000i\000s\000s\000i\000o\000n}{chapter.1}% 9
\BOOKMARK [1][-]{section.1.4}{\376\377\000P\000r\000o\000b\000l\000e\000m\000\040\000S\000t\000a\000t\000e\000m\000e\000n\000t}{chapter.1}% 10
\BOOKMARK [1][-]{section.1.5}{\376\377\000S\000t\000u\000d\000y\000\040\000o\000f\000\040\000E\000x\000i\000s\000t\000i\000n\000g\000\040\000S\000o\000l\000u\000t\000i\000o\000n\000s}{chapter.1}% 11
\BOOKMARK [2][-]{subsection.1.5.1}{\376\377\000G\000e\000n\000e\000r\000a\000l\000\040\000C\000o\000o\000r\000d\000i\000n\000a\000t\000i\000o\000n\000\040\000A\000p\000p\000r\000o\000a\000c\000h\000e\000s}{section.1.5}% 12
\BOOKMARK [2][-]{subsection.1.5.2}{\376\377\000R\000e\000p\000r\000e\000s\000e\000n\000t\000a\000t\000i\000v\000e\000\040\000D\000i\000g\000i\000t\000a\000l\000\040\000P\000l\000a\000t\000f\000o\000r\000m\000s}{section.1.5}% 13
\BOOKMARK [1][-]{section.1.6}{\376\377\000P\000r\000o\000p\000o\000s\000e\000d\000\040\000S\000o\000l\000u\000t\000i\000o\000n\000:\000\040\000Q\000a\000t\000r\000a}{chapter.1}% 14
\BOOKMARK [1][-]{section.1.7}{\376\377\000O\000b\000j\000e\000c\000t\000i\000v\000e\000s\000\040\000a\000n\000d\000\040\000C\000o\000n\000s\000t\000r\000a\000i\000n\000t\000s}{chapter.1}% 15
\BOOKMARK [1][-]{section.1.8}{\376\377\000P\000r\000o\000j\000e\000c\000t\000\040\000S\000t\000a\000k\000e\000h\000o\000l\000d\000e\000r\000s}{chapter.1}% 16
\BOOKMARK [0][-]{chapter.2}{\376\377\000S\000t\000a\000t\000e\000\040\000o\000f\000\040\000t\000h\000e\000\040\000A\000r\000t\000\040\000a\000n\000d\000\040\000T\000e\000c\000h\000n\000o\000l\000o\000g\000i\000c\000a\000l\000\040\000C\000h\000o\000i\000c\000e\000s}{}% 17
\BOOKMARK [1][-]{section.2.1}{\376\377\000D\000i\000g\000i\000t\000a\000l\000\040\000B\000l\000o\000o\000d\000-\000D\000o\000n\000a\000t\000i\000o\000n\000\040\000P\000l\000a\000t\000f\000o\000r\000m\000s}{chapter.2}% 18
\BOOKMARK [1][-]{section.2.2}{\376\377\000A\000r\000c\000h\000i\000t\000e\000c\000t\000u\000r\000a\000l\000\040\000S\000t\000y\000l\000e}{chapter.2}% 19
\BOOKMARK [2][-]{subsection.2.2.1}{\376\377\000M\000o\000n\000o\000l\000i\000t\000h\000\040\000a\000n\000d\000\040\000M\000i\000c\000r\000o\000s\000e\000r\000v\000i\000c\000e\000s}{section.2.2}% 20
\BOOKMARK [2][-]{subsection.2.2.2}{\376\377\000H\000e\000x\000a\000g\000o\000n\000a\000l\000\040\000A\000r\000c\000h\000i\000t\000e\000c\000t\000u\000r\000e}{section.2.2}% 21
\BOOKMARK [1][-]{section.2.3}{\376\377\000E\000v\000e\000n\000t\000-\000D\000r\000i\000v\000e\000n\000\040\000C\000o\000m\000m\000u\000n\000i\000c\000a\000t\000i\000o\000n}{chapter.2}% 22
\BOOKMARK [1][-]{section.2.4}{\376\377\000B\000a\000c\000k\000e\000n\000d\000\040\000F\000r\000a\000m\000e\000w\000o\000r\000k\000:\000\040\000J\000a\000v\000a\000\040\000a\000n\000d\000\040\000S\000p\000r\000i\000n\000g\000\040\000B\000o\000o\000t}{chapter.2}% 23
\BOOKMARK [1][-]{section.2.5}{\376\377\000F\000r\000o\000n\000t\000e\000n\000d\000\040\000F\000r\000a\000m\000e\000w\000o\000